
------------------------------------------
test in         = /home/chuck/Src/simp-grammar/tests
test started on = 2023-12-28 16:04:44.733803
------------------------------------------

1. testing: bootstrap.simp: PASS
2. testing: class_decl.simp: PASS
3. testing: consts.simp: PASS
4. testing: duplicates.simp: PASS
5. testing: empty_file.simp: FAIL
        >>>> syntax error before end of file
6. testing: errors.simp: PASS
7. testing: expr_assignment.simp: PASS
8. testing: fibonacci.simp: PASS
9. testing: func_body_for.simp: FAIL
        >>>> func_body_for.simp:12:21: syntax error: expected SYMBOL or '(' or '[' or '.' before IN
        >>>> func_body_for.simp:12:35: syntax error before ')'
        >>>> func_body_for.simp:20:5: syntax error: expected SYMBOL or '.' before '}'
10. testing: func_body_if.simp: FAIL
        >>>> func_body_if.simp:7:9: syntax error before ')'
        >>>> func_body_if.simp:9:5: syntax error before IF
        >>>> func_body_if.simp:11:32: syntax error: expected SYMBOL or '(' or '[' or '.' before ')'
        >>>> func_body_if.simp:15:5: syntax error before ELSE
        >>>> func_body_if.simp:32:5: syntax error before '{'
11. testing: func_body_misc.simp: FAIL
        >>>> func_body_misc.simp:15:10: syntax error before '('
        >>>> func_body_misc.simp:23:11: syntax error before ')'
        >>>> func_body_misc.simp:29:17: syntax error: expected ',' before '.'
        >>>> func_body_misc.simp:29:31: syntax error before ')'
        >>>> func_body_misc.simp:31:10: syntax error: expected SYMBOL before LITERAL_NUM
12. testing: func_body_switch.simp: FAIL
        >>>> func_body_switch.simp:9:18: syntax error: expected CASE before '{'
        >>>> func_body_switch.simp:11:25: syntax error: expected CASE before '{'
        >>>> func_body_switch.simp:17:21: syntax error: expected SYMBOL or '.' before '}'
        >>>> func_body_switch.simp:22:33: syntax error: expected SYMBOL or '(' or '[' or '.' before ')'
        >>>> func_body_switch.simp:24:13: syntax error: expected SYMBOL or '.' before '}'
13. testing: func_body_try.simp: FAIL
        >>>> func_body_try.simp:17:13: syntax error before TRY
        >>>> func_body_try.simp:24:17: syntax error before '}'
        >>>> func_body_try.simp:28:20: syntax error: expected ')' before '.'
        >>>> func_body_try.simp:30:23: syntax error: expected SYMBOL or '(' or '[' or '.' before ')'
        >>>> func_body_try.simp:35:1: syntax error before '}'
14. testing: func_body_while.simp: FAIL
        >>>> func_body_while.simp:11:54: syntax error: expected '(' before '}'
        >>>> func_body_while.simp:21:9: syntax error before '}'
15. testing: func_definition.simp: FAIL
        >>>> func_definition.simp:7:22: syntax error: expected SYMBOL before ','
        >>>> func_definition.simp:12:12: syntax error before '.'
        >>>> func_definition.simp:12:26: syntax error: expected '@' before SYMBOL
        >>>> func_definition.simp:15:10: syntax error: expected SYMBOL before CTOR
        >>>> func_definition.simp:18:10: syntax error: expected SYMBOL before DTOR
16. testing: funcs10.simp: FAIL
        >>>> funcs10.simp:2:1: syntax error before '/'
        >>>> funcs10.simp:3:28: syntax error before SWITCH
        >>>> funcs10.simp:4:2: syntax error: expected SYMBOL before '*'
        >>>> funcs10.simp:15:17: syntax error: expected CASE before '{'
        >>>> funcs10.simp:18:9: syntax error before '}'
        >>>> funcs10.simp:21:9: syntax error: expected SYMBOL or '.' before '}'
        >>>> funcs10.simp:24:9: syntax error: expected SYMBOL or '.' before '}'
        >>>> funcs10.simp:27:9: syntax error: expected SYMBOL or '.' before '}'
17. testing: funcs11.simp: FAIL
        >>>> funcs11.simp:2:1: syntax error before '/'
        >>>> funcs11.simp:3:28: syntax error before SWITCH
        >>>> funcs11.simp:16:17: syntax error: expected CASE before '{'
        >>>> funcs11.simp:19:9: syntax error before '}'
        >>>> funcs11.simp:22:9: syntax error: expected SYMBOL or '.' before '}'
        >>>> funcs11.simp:25:9: syntax error: expected SYMBOL or '.' before '}'
18. testing: funcs1.simp: FAIL
        >>>> funcs1.simp:10:9: syntax error: expected SYMBOL before LIST
        >>>> funcs1.simp:20:18: syntax error before '.'
        >>>> funcs1.simp:20:29: syntax error: expected '@' before SYMBOL
        >>>> funcs1.simp:23:5: syntax error before RETURN
        >>>> funcs1.simp:27:1: syntax error: expected SYMBOL or '@' or '(' or '[' or '.' before NUMBER
        >>>> funcs1.simp:27:24: syntax error: expected SYMBOL or '.' before '{'
        >>>> funcs1.simp:29:31: syntax error before IN
        >>>> funcs1.simp:29:58: syntax error: expected SYMBOL or '@' or '(' or '[' or '.' before TO
        >>>> funcs1.simp:31:5: syntax error before RETURN
        >>>> funcs1.simp:32:1: syntax error: expected SYMBOL or '.' before '}'
        >>>> funcs1.simp:34:36: syntax error: expected SYMBOL or '@' or '(' or '[' or '.' before LITERAL_STRG
        >>>> funcs1.simp:34:77: syntax error before '.'
        >>>> funcs1.simp:35:21: syntax error: expected SYMBOL or '@' or '(' or '[' or '.' before AND
        >>>> funcs1.simp:35:44: syntax error: expected SYMBOL or '@' or '(' or '[' or '.' before AS
        >>>> funcs1.simp:37:20: syntax error: expected SYMBOL or '@' or '(' or '[' or '.' before IN
        >>>> funcs1.simp:37:41: syntax error: expected PUBLIC or PRIVATE or PROTECTED or SYMBOL before '.'
        >>>> funcs1.simp:41:12: syntax error: expected SYMBOL before LIST
        >>>> funcs1.simp:43:6: syntax error before '/'
        >>>> funcs1.simp:45:5: syntax error before EXIT
19. testing: funcs2.simp: FAIL
        >>>> funcs2.simp:2:1: syntax error before '/'
        >>>> funcs2.simp:3:64: syntax error before IN
        >>>> funcs2.simp:20:5: syntax error before '/'
        >>>> funcs2.simp:22:9: syntax error before LIST
        >>>> funcs2.simp:23:10: syntax error before LIST
        >>>> funcs2.simp:24:10: syntax error: expected SYMBOL before LIST
        >>>> funcs2.simp:25:11: syntax error before LIST
        >>>> funcs2.simp:26:12: syntax error: expected SYMBOL before LIST
        >>>> funcs2.simp:27:15: syntax error before LIST
        >>>> funcs2.simp:29:9: syntax error before DICT
        >>>> funcs2.simp:30:10: syntax error before DICT
        >>>> funcs2.simp:31:10: syntax error: expected SYMBOL before DICT
        >>>> funcs2.simp:32:11: syntax error before DICT
        >>>> funcs2.simp:33:12: syntax error: expected SYMBOL before DICT
        >>>> funcs2.simp:34:15: syntax error before DICT
20. testing: funcs3.simp: FAIL
        >>>> funcs3.simp:2:1: syntax error before '/'
        >>>> funcs3.simp:3:48: syntax error before IN
        >>>> funcs3.simp:14:5: syntax error before '/'
        >>>> funcs3.simp:21:6: syntax error before '/'
        >>>> funcs3.simp:23:9: syntax error before LIST
        >>>> funcs3.simp:24:10: syntax error before LIST
        >>>> funcs3.simp:25:10: syntax error: expected SYMBOL before LIST
        >>>> funcs3.simp:26:11: syntax error before LIST
        >>>> funcs3.simp:27:12: syntax error: expected SYMBOL before LIST
        >>>> funcs3.simp:28:15: syntax error before LIST
        >>>> funcs3.simp:30:9: syntax error before DICT
        >>>> funcs3.simp:31:10: syntax error before DICT
        >>>> funcs3.simp:32:10: syntax error: expected SYMBOL before DICT
        >>>> funcs3.simp:33:11: syntax error before DICT
        >>>> funcs3.simp:34:12: syntax error: expected SYMBOL before DICT
        >>>> funcs3.simp:35:15: syntax error before DICT
21. testing: funcs4.simp: FAIL
        >>>> funcs4.simp:2:1: syntax error before '/'
        >>>> funcs4.simp:3:46: syntax error before IN
        >>>> funcs4.simp:14:9: syntax error before LIST
        >>>> funcs4.simp:15:10: syntax error before LIST
        >>>> funcs4.simp:16:10: syntax error: expected SYMBOL before LIST
        >>>> funcs4.simp:17:11: syntax error before LIST
        >>>> funcs4.simp:18:12: syntax error: expected SYMBOL before LIST
        >>>> funcs4.simp:19:15: syntax error before LIST
        >>>> funcs4.simp:21:9: syntax error before LIST
        >>>> funcs4.simp:22:10: syntax error before LIST
        >>>> funcs4.simp:22:24: syntax error before SYMBOL
        >>>> funcs4.simp:24:11: syntax error before LIST
        >>>> funcs4.simp:25:12: syntax error: expected SYMBOL before LIST
        >>>> funcs4.simp:26:15: syntax error before LIST
22. testing: funcs5.simp: FAIL
        >>>> funcs5.simp:2:1: syntax error before '/'
        >>>> funcs5.simp:3:46: syntax error before IN
        >>>> funcs5.simp:14:9: syntax error before DICT
        >>>> funcs5.simp:15:10: syntax error before DICT
        >>>> funcs5.simp:16:10: syntax error: expected SYMBOL before DICT
        >>>> funcs5.simp:17:11: syntax error before DICT
        >>>> funcs5.simp:18:12: syntax error: expected SYMBOL before DICT
        >>>> funcs5.simp:19:15: syntax error before DICT
        >>>> funcs5.simp:21:9: syntax error before DICT
        >>>> funcs5.simp:21:27: syntax error before '='
        >>>> funcs5.simp:22:28: syntax error before '='
        >>>> funcs5.simp:23:28: syntax error before '='
        >>>> funcs5.simp:24:29: syntax error before '='
        >>>> funcs5.simp:25:30: syntax error before '='
        >>>> funcs5.simp:26:33: syntax error before '='
23. testing: funcs6.simp: FAIL
        >>>> funcs6.simp:2:1: syntax error before '/'
        >>>> funcs6.simp:3:54: syntax error: expected SYMBOL or '@' or '(' or '[' or '.' before STRUCT
24. testing: funcs7.simp: FAIL
        >>>> funcs7.simp:2:1: syntax error before '/'
        >>>> funcs7.simp:3:27: syntax error before FOR
        >>>> funcs7.simp:4:2: syntax error: expected SYMBOL before '*'
        >>>> funcs7.simp:8:5: syntax error before '/'
        >>>> funcs7.simp:8:54: syntax error before AS
        >>>> funcs7.simp:9:5: syntax error before '/'
        >>>> funcs7.simp:11:12: syntax error: expected SYMBOL before LIST
        >>>> funcs7.simp:12:12: syntax error: expected SYMBOL before DICT
        >>>> funcs7.simp:12:29: syntax error before '='
        >>>> funcs7.simp:14:6: syntax error before '/'
        >>>> funcs7.simp:14:31: syntax error before '='
25. testing: funcs8.simp: FAIL
        >>>> funcs8.simp:2:1: syntax error before '/'
        >>>> funcs8.simp:3:40: syntax error: expected SYMBOL or '@' or '(' or '[' or '.' before WHILE
26. testing: funcs9.simp: FAIL
        >>>> funcs9.simp:2:1: syntax error before '/'
        >>>> funcs9.simp:4:2: syntax error: expected SYMBOL before '*'
        >>>> funcs9.simp:16:5: syntax error before '}'
        >>>> funcs9.simp:19:5: syntax error before '}'
        >>>> funcs9.simp:22:5: syntax error before '}'
        >>>> funcs9.simp:25:5: syntax error before '}'
        >>>> funcs9.simp:32:5: syntax error before '}'
        >>>> funcs9.simp:36:9: syntax error before '}'
27. testing: gcd.simp: FAIL
        >>>> gcd.simp:2:1: syntax error before '/'
        >>>> gcd.simp:3:49: syntax error before LITERAL_NUM
        >>>> gcd.simp:8:12: syntax error: expected SYMBOL before PRINT
        >>>> gcd.simp:21:1: syntax error before '}'
        >>>> gcd.simp:24:7: syntax error: expected SYMBOL or '@' or '(' or '[' or '.' before '{'
        >>>> gcd.simp:26:12: syntax error: expected SYMBOL before PRINT
        >>>> gcd.simp:26:32: syntax error: expected SYMBOL or '.' before ')'
        >>>> gcd.simp:27:33: syntax error: expected SYMBOL or '.' before ')'
        >>>> gcd.simp:28:32: syntax error: expected SYMBOL or '.' before ')'
28. testing: graph.simp: FAIL
        >>>> graph.simp:39:1: syntax error: expected '(' before NOTHING
        >>>> graph.simp:48:10: syntax error before '-'
        >>>> graph.simp:87:18: syntax error before '['
        >>>> graph.simp:87:42: syntax error before '.'
        >>>> graph.simp:111:18: syntax error before '+'
        >>>> graph.simp:114:39: syntax error before '.'
        >>>> graph.simp:114:61: syntax error before ')'
        >>>> graph.simp:115:38: syntax error before ')'
        >>>> graph.simp:117:50: syntax error before '.'
        >>>> graph.simp:122:5: syntax error before RETURN
        >>>> graph.simp:137:12: syntax error before '('
        >>>> graph.simp:139:12: syntax error before '('
        >>>> graph.simp:141:12: syntax error before '('
        >>>> graph.simp:143:16: syntax error before '('
        >>>> graph.simp:147:5: syntax error before '}'
        >>>> graph.simp:150:5: syntax error before '}'
29. testing: main.simp: FAIL
        >>>> main.simp:1:1: syntax error before '/'
        >>>> main.simp:3:2: syntax error: expected SYMBOL before '*'
        >>>> main.simp:5:1: syntax error before '/'
        >>>> main.simp:8:2: syntax error before '*'
        >>>> main.simp:8:39: syntax error: expected SYMBOL before IF
        >>>> main.simp:8:74: syntax error: expected SYMBOL or '@' or '(' or '[' or '.' before ','
        >>>> main.simp:9:28: syntax error before '.'
        >>>> main.simp:16:1: syntax error: expected SYMBOL before '/'
        >>>> main.simp:16:27: syntax error: expected SYMBOL or '@' or '(' or '[' or '.' before TO
        >>>> main.simp:17:27: syntax error: expected SYMBOL or '@' or '(' or '[' or '.' before IN
        >>>> main.simp:21:14: syntax error before SYMBOL
        >>>> main.simp:26:27: syntax error: expected SYMBOL before LIST
        >>>> main.simp:31:9: syntax error: expected SYMBOL or '.' before RETURN
        >>>> main.simp:33:16: syntax error: expected SYMBOL or '.' before ')'
        >>>> main.simp:34:5: syntax error: expected SYMBOL or '.' before '}'
        >>>> main.simp:37:7: syntax error: expected SYMBOL or '@' or '(' or '[' or '.' before '='
        >>>> main.simp:37:23: syntax error: expected SYMBOL or '.' before '('
        >>>> main.simp:39:5: syntax error before IF
        >>>> main.simp:41:9: syntax error: expected SYMBOL or '.' before RETURN
        >>>> main.simp:51:5: syntax error before DO
        >>>> main.simp:53:16: syntax error: expected SYMBOL or '(' or '[' or '.' before ')'
        >>>> main.simp:58:23: syntax error: expected SYMBOL or '(' or '[' or '.' before LIST
        >>>> main.simp:58:47: syntax error before ','
        >>>> main.simp:62:13: syntax error before '.'
        >>>> main.simp:62:22: syntax error: expected SYMBOL or '.' before '{'
        >>>> main.simp:64:19: syntax error before SYMBOL
        >>>> main.simp:65:13: syntax error: expected SYMBOL or '(' or '[' or '.' before '{'
        >>>> main.simp:68:1: syntax error before IMPORT
30. testing: module.simp: FAIL
        >>>> module.simp:43:33: syntax error: expected SYMBOL before ','
        >>>> module.simp:43:56: syntax error: expected SYMBOL or '(' or '[' or '.' before ')'
        >>>> module.simp:52:9: syntax error before '}'
        >>>> module.simp:55:9: syntax error before '}'
31. testing: namespace1.simp: FAIL
        >>>> namespace1.simp:2:1: syntax error before '/'
        >>>> namespace1.simp:3:33: syntax error: expected '{' before SYMBOL
        >>>> namespace1.simp:13:18: syntax error before '.'
        >>>> namespace1.simp:13:26: syntax error: expected SYMBOL or '.' before '{'
        >>>> namespace1.simp:22:22: syntax error before '.'
        >>>> namespace1.simp:22:30: syntax error: expected SYMBOL or '.' before '{'
        >>>> namespace1.simp:24:9: syntax error: expected SYMBOL or '.' before '}'
32. testing: primes.simp: FAIL
        >>>> primes.simp:2:1: syntax error before '/'
        >>>> primes.simp:3:38: syntax error: expected SYMBOL or '@' or '(' or '[' or '.' before TO
        >>>> primes.simp:7:1: syntax error: expected SYMBOL before BOOLEAN
        >>>> primes.simp:21:1: syntax error before '}'
        >>>> primes.simp:30:5: syntax error before WHILE
        >>>> primes.simp:32:31: syntax error: expected SYMBOL or '.' before ')'
        >>>> primes.simp:33:20: syntax error: expected SYMBOL before PRINT
33. testing: recursion.simp: FAIL
        >>>> recursion.simp:2:1: syntax error before '/'
        >>>> recursion.simp:12:9: syntax error before '}'
        >>>> recursion.simp:15:9: syntax error before '}'
        >>>> recursion.simp:20:7: syntax error: expected SYMBOL or '@' or '(' or '[' or '.' before '{'
        >>>> recursion.simp:23:20: syntax error before LITERAL_NUM
        >>>> recursion.simp:26:1: syntax error: expected SYMBOL or '.' before '}'
34. testing: regression1.simp: PASS
35. testing: rsa_algo.simp: FAIL
        >>>> rsa_algo.simp:13:5: syntax error before NUMBER
        >>>> rsa_algo.simp:19:9: syntax error before EXIT
        >>>> rsa_algo.simp:28:9: syntax error before EXIT
        >>>> rsa_algo.simp:33:5: syntax error before STRING
        >>>> rsa_algo.simp:55:12: syntax error before '('
        arning: unrecognized character: ! (0x21)
36. testing: struct_decl.simp: PASS
37. testing: structs1.simp: FAIL
        >>>> structs1.simp:1:1: syntax error before '/'
        >>>> structs1.simp:2:50: syntax error: expected SYMBOL or '@' or '(' or '[' or '.' before LITERAL_BOOL
        >>>> structs1.simp:4:43: syntax error: expected SYMBOL or '@' or '(' or '[' or '.' before AND
        >>>> structs1.simp:7:1: syntax error before '/'
        >>>> structs1.simp:8:1: syntax error: expected SYMBOL before '/'
        >>>> structs1.simp:15:9: syntax error: expected SYMBOL or '@' or '(' or '[' or '.' before LIST
        >>>> structs1.simp:16:10: syntax error: expected SYMBOL or '@' or '(' or '[' or '.' before LIST
        >>>> structs1.simp:17:11: syntax error: expected SYMBOL or '@' or '(' or '[' or '.' before LIST
        >>>> structs1.simp:18:12: syntax error: expected SYMBOL before LIST
        >>>> structs1.simp:19:9: syntax error: expected SYMBOL or '@' or '(' or '[' or '.' before DICT
        >>>> structs1.simp:20:10: syntax error: expected SYMBOL or '@' or '(' or '[' or '.' before DICT
        >>>> structs1.simp:21:11: syntax error: expected SYMBOL or '@' or '(' or '[' or '.' before DICT
        >>>> structs1.simp:22:12: syntax error: expected SYMBOL before DICT
        >>>> structs1.simp:26:1: syntax error before '/'
        >>>> structs1.simp:26:24: syntax error: expected SYMBOL or '@' or '(' or '[' or '.' before STRUCT
        >>>> structs1.simp:27:47: syntax error: expected SYMBOL or '@' or '(' or '[' or '.' before STRUCT
        >>>> structs1.simp:28:31: syntax error: expected SYMBOL or '@' or '(' or '[' or '.' before IN
        >>>> structs1.simp:29:1: syntax error: expected SYMBOL or '@' or '(' or '[' or '.' before '/'
        >>>> structs1.simp:35:14: syntax error before SYMBOL
        >>>> structs1.simp:37:49: syntax error before FOR
        >>>> structs1.simp:40:12: syntax error: expected SYMBOL or '@' or '(' or '[' or '.' before DICT
        >>>> structs1.simp:43:12: syntax error: expected SYMBOL or '@' or '(' or '[' or '.' before LIST
        >>>> structs1.simp:44:12: syntax error: expected SYMBOL or '@' or '(' or '[' or '.' before DICT
        >>>> structs1.simp:44:42: syntax error: expected SYMBOL before LIST
38. testing: structs2.simp: FAIL
        >>>> structs2.simp:1:1: syntax error before '/'
        >>>> structs2.simp:3:2: syntax error before '*'
        >>>> structs2.simp:9:11: syntax error: expected SYMBOL or '@' or '(' or '[' or '.' before LIST
        >>>> structs2.simp:10:12: syntax error: expected SYMBOL before DICT
39. testing: structs3.simp: FAIL
        >>>> structs3.simp:2:1: syntax error before '/'
        >>>> structs3.simp:3:49: syntax error before '.'
40. testing: structs4.simp: FAIL
        >>>> structs4.simp:2:1: syntax error before '/'
        >>>> structs4.simp:3:47: syntax error: expected SYMBOL or '@' or '(' or '[' or '.' before LITERAL_NUM
41. testing: structs5.simp: FAIL
        >>>> structs5.simp:2:1: syntax error before '/'
        >>>> structs5.simp:3:48: syntax error: expected SYMBOL or '@' or '(' or '[' or '.' before RETURN
        >>>> structs5.simp:9:9: syntax error: expected SYMBOL or '@' or '(' or '[' or '.' before LIST
        >>>> structs5.simp:10:10: syntax error: expected SYMBOL or '@' or '(' or '[' or '.' before LIST
        >>>> structs5.simp:11:11: syntax error: expected SYMBOL or '@' or '(' or '[' or '.' before LIST
        >>>> structs5.simp:12:12: syntax error: expected SYMBOL before LIST
        >>>> structs5.simp:13:9: syntax error: expected SYMBOL or '@' or '(' or '[' or '.' before LIST
        >>>> structs5.simp:14:10: syntax error: expected SYMBOL or '@' or '(' or '[' or '.' before LIST
        >>>> structs5.simp:15:11: syntax error: expected SYMBOL or '@' or '(' or '[' or '.' before LIST
        >>>> structs5.simp:16:12: syntax error: expected SYMBOL before LIST
        >>>> structs5.simp:17:9: syntax error: expected SYMBOL or '@' or '(' or '[' or '.' before LIST
        >>>> structs5.simp:18:10: syntax error: expected SYMBOL or '@' or '(' or '[' or '.' before LIST
        >>>> structs5.simp:19:11: syntax error: expected SYMBOL or '@' or '(' or '[' or '.' before LIST
        >>>> structs5.simp:20:12: syntax error: expected SYMBOL before LIST
        >>>> structs5.simp:21:9: syntax error: expected SYMBOL or '@' or '(' or '[' or '.' before LIST
        >>>> structs5.simp:22:10: syntax error: expected SYMBOL or '@' or '(' or '[' or '.' before LIST
        >>>> structs5.simp:23:11: syntax error: expected SYMBOL or '@' or '(' or '[' or '.' before LIST
        >>>> structs5.simp:24:12: syntax error: expected SYMBOL before LIST
42. testing: structs6.simp: FAIL
        >>>> structs6.simp:2:1: syntax error before '/'
        >>>> structs6.simp:3:47: syntax error: expected SYMBOL or '@' or '(' or '[' or '.' before RETURN
        >>>> structs6.simp:8:9: syntax error: expected SYMBOL or '@' or '(' or '[' or '.' before DICT
        >>>> structs6.simp:9:10: syntax error: expected SYMBOL or '@' or '(' or '[' or '.' before DICT
        >>>> structs6.simp:10:11: syntax error: expected SYMBOL or '@' or '(' or '[' or '.' before DICT
        >>>> structs6.simp:11:12: syntax error: expected SYMBOL before DICT
        >>>> structs6.simp:12:9: syntax error: expected SYMBOL or '@' or '(' or '[' or '.' before DICT
        >>>> structs6.simp:13:10: syntax error: expected SYMBOL or '@' or '(' or '[' or '.' before DICT
        >>>> structs6.simp:14:11: syntax error: expected SYMBOL or '@' or '(' or '[' or '.' before DICT
        >>>> structs6.simp:15:12: syntax error: expected SYMBOL before DICT
        >>>> structs6.simp:16:9: syntax error: expected SYMBOL or '@' or '(' or '[' or '.' before DICT
        >>>> structs6.simp:17:10: syntax error: expected SYMBOL or '@' or '(' or '[' or '.' before DICT
        >>>> structs6.simp:18:11: syntax error: expected SYMBOL or '@' or '(' or '[' or '.' before DICT
        >>>> structs6.simp:19:12: syntax error: expected SYMBOL before DICT
        >>>> structs6.simp:20:9: syntax error: expected SYMBOL or '@' or '(' or '[' or '.' before DICT
        >>>> structs6.simp:21:10: syntax error: expected SYMBOL or '@' or '(' or '[' or '.' before DICT
        >>>> structs6.simp:22:11: syntax error: expected SYMBOL or '@' or '(' or '[' or '.' before DICT
        >>>> structs6.simp:23:12: syntax error: expected SYMBOL before DICT
43. testing: structs7.simp: FAIL
        >>>> structs7.simp:2:1: syntax error before '/'
        >>>> structs7.simp:3:72: syntax error before LITERAL_BOOL
        >>>> structs7.simp:4:28: syntax error: expected SYMBOL or '@' or '(' or '[' or '.' before ','
        >>>> structs7.simp:4:65: syntax error before '.'
        >>>> structs7.simp:10:21: syntax error: expected SYMBOL or '(' or '[' or '.' before LIST
44. testing: structs8.simp: FAIL
        >>>> structs8.simp:2:1: syntax error before '/'
        >>>> structs8.simp:3:23: syntax error before AND
        >>>> structs8.simp:4:2: syntax error: expected SYMBOL before '*'
        >>>> structs8.simp:14:16: syntax error: expected SYMBOL or '@' or '(' or '[' or '.' before LIST
45. testing: struct.simp: FAIL
        >>>> struct.simp:10:1: syntax error before '/'
        >>>> struct.simp:12:1: syntax error before '/'
        >>>> struct.simp:14:27: syntax error before SYMBOL
        >>>> struct.simp:19:4: syntax error before WHILE
        >>>> struct.simp:19:19: syntax error: expected SYMBOL or '.' before '+'
        >>>> struct.simp:21:23: syntax error: expected SYMBOL or '.' before '>'
        >>>> struct.simp:26:36: syntax error before '='
        >>>> struct.simp:27:29: syntax error: expected SYMBOL or '.' before '('
        >>>> struct.simp:34:1: syntax error before IMPORT
        >>>> struct.simp:34:57: syntax error: expected SYMBOL or '.' before ')'
        >>>> struct.simp:39:9: syntax error: expected SYMBOL or '@' or '(' or '[' or '.' before LIST
        >>>> struct.simp:39:31: syntax error: expected SYMBOL or '.' before '{'
        >>>> syntax error before end of file
46. testing: symbol_table.simp: FAIL
        >>>> symbol_table.simp:2:1: syntax error before '/'
        >>>> symbol_table.simp:4:2: syntax error: expected SYMBOL before '*'
        >>>> symbol_table.simp:12:9: syntax error before '/'
        >>>> symbol_table.simp:13:9: syntax error: expected SYMBOL or '@' or '(' or '[' or '.' before '/'
        >>>> symbol_table.simp:22:5: syntax error: expected '@' before '/'
        >>>> symbol_table.simp:24:26: syntax error: expected '@' before ')'
        >>>> symbol_table.simp:28:31: syntax error: expected SYMBOL or '(' or '[' or '.' before ')'
        >>>> symbol_table.simp:30:13: syntax error: expected SYMBOL or '.' before '}'
        >>>> symbol_table.simp:31:33: syntax error: expected SYMBOL or '(' or '[' or '.' before ')'
        >>>> symbol_table.simp:33:13: syntax error: expected SYMBOL or '.' before '}'
        >>>> symbol_table.simp:38:34: syntax error: expected SYMBOL or '@' or '(' or '[' or '.' before IF
        >>>> symbol_table.simp:38:54: syntax error before RETURN
        >>>> symbol_table.simp:42:26: syntax error: expected '@' before ')'
        >>>> symbol_table.simp:44:9: syntax error before '}'
        >>>> symbol_table.simp:46:31: syntax error: expected SYMBOL or '(' or '[' or '.' before ')'
        >>>> symbol_table.simp:47:29: syntax error: expected SYMBOL or '(' or '[' or '.' before EQU
        >>>> symbol_table.simp:48:30: syntax error: expected SYMBOL or '(' or '[' or '.' before '='
        >>>> symbol_table.simp:49:21: syntax error: expected SYMBOL or '.' before RETURN
        >>>> symbol_table.simp:53:17: syntax error: expected SYMBOL or '.' before '}'
        >>>> symbol_table.simp:55:33: syntax error: expected SYMBOL or '(' or '[' or '.' before ')'
        >>>> symbol_table.simp:56:30: syntax error: expected SYMBOL or '(' or '[' or '.' before EQU
        >>>> symbol_table.simp:57:31: syntax error: expected SYMBOL or '(' or '[' or '.' before '='
        >>>> symbol_table.simp:58:21: syntax error: expected SYMBOL or '.' before RETURN
        >>>> symbol_table.simp:62:17: syntax error: expected SYMBOL or '.' before '}'
        >>>> symbol_table.simp:66:13: syntax error: expected SYMBOL before '}'
        >>>> symbol_table.simp:74:27: syntax error before '('
        >>>> symbol_table.simp:79:5: syntax error before '}'
47. testing: tree.simp: FAIL
        >>>> tree.simp:2:1: syntax error before '/'
        >>>> tree.simp:13:18: syntax error before SYMBOL
        >>>> tree.simp:13:44: syntax error: expected SYMBOL or '@' or '(' or '[' or '.' before DEFAULT
        >>>> tree.simp:16:27: syntax error before SYMBOL
        >>>> tree.simp:20:21: syntax error before '.'
        >>>> tree.simp:20:34: syntax error before SYMBOL
        >>>> tree.simp:24:21: syntax error before '.'
        >>>> tree.simp:24:43: syntax error before SYMBOL
        >>>> tree.simp:26:5: syntax error: expected SYMBOL or '(' or '[' or '.' before '}'
        >>>> tree.simp:34:18: syntax error before SYMBOL
        >>>> tree.simp:37:19: syntax error before SYMBOL
        >>>> tree.simp:39:5: syntax error: expected SYMBOL or '.' before '}'
        >>>> tree.simp:41:17: syntax error before '.'
        >>>> tree.simp:41:47: syntax error before SYMBOL
        >>>> tree.simp:44:9: syntax error before IF
        >>>> tree.simp:45:38: syntax error: expected SYMBOL before ')'
        >>>> tree.simp:46:28: syntax error: expected SYMBOL or '(' or '[' or '.' before '='
        >>>> tree.simp:50:13: syntax error: expected SYMBOL or '.' before '}'
        >>>> tree.simp:53:37: syntax error: expected SYMBOL before ')'
        >>>> tree.simp:54:27: syntax error: expected SYMBOL or '(' or '[' or '.' before '='
        >>>> tree.simp:58:13: syntax error: expected SYMBOL or '.' before '}'
        >>>> tree.simp:61:20: syntax error: expected SYMBOL before PRINT
        >>>> tree.simp:61:76: syntax error: expected SYMBOL or '(' or '[' or '.' before ')'
        >>>> tree.simp:66:22: syntax error before '.'
        >>>> tree.simp:66:53: syntax error before SYMBOL
        >>>> tree.simp:70:9: syntax error before IF
        >>>> tree.simp:72:9: syntax error: expected SYMBOL or '.' before '}'
        >>>> tree.simp:75:9: syntax error: expected SYMBOL or '.' before '}'
        >>>> tree.simp:81:17: syntax error before '.'
        >>>> tree.simp:81:26: syntax error before SYMBOL
        >>>> tree.simp:83:5: syntax error: expected SYMBOL or '.' before '}'
        >>>> tree.simp:85:22: syntax error before '.'
        >>>> tree.simp:85:32: syntax error before SYMBOL
        >>>> tree.simp:87:5: syntax error: expected SYMBOL or '.' before '}'
        >>>> tree.simp:91:7: syntax error: expected SYMBOL or '@' or '(' or '[' or '.' before '{'
        >>>> tree.simp:97:5: syntax error before WHILE
        >>>> tree.simp:97:27: syntax error: expected SYMBOL or '(' or '[' or '.' before ')'
        >>>> tree.simp:103:12: syntax error: expected SYMBOL before PRINT
        >>>> tree.simp:103:27: syntax error: expected SYMBOL or '(' or '[' or '.' before ')'
        >>>> tree.simp:105:11: syntax error before '.'
        >>>> tree.simp:105:27: syntax error: expected SYMBOL or '(' or '[' or '.' before ')'
        >>>> tree.simp:107:11: syntax error before '.'
        >>>> tree.simp:107:27: syntax error: expected SYMBOL or '(' or '[' or '.' before ')'
        >>>> tree.simp:109:11: syntax error before '.'
        >>>> tree.simp:109:27: syntax error: expected SYMBOL or '(' or '[' or '.' before ')'

------------------------------------------
test ended on = 2023-12-28 16:04:44.803457
tests run     = 47
tests passed  = 9
tests failed  = 38


